INFO:     127.0.0.1:65470 - "GET /health HTTP/1.1" 200 OK
INFO:     127.0.0.1:59744 - "GET /health HTTP/1.1" 200 OK
INFO:     127.0.0.1:59745 - "GET /health HTTP/1.1" 200 OK
Descripción original: Alquiler
Descripción limpia: alquiler
Medio de pago: desconocido
Recurrente: no
INFO:     127.0.0.1:59756 - "POST /predict/category HTTP/1.1" 200 OK
Descripción original: Artículos escolares
Descripción limpia: articulos escolares
Medio de pago: desconocido
Recurrente: no
INFO:     127.0.0.1:59756 - "POST /predict/category HTTP/1.1" 200 OK
Descripción original: Alquiler
Descripción limpia: alquiler
Medio de pago: desconocido
Recurrente: no
Descripción original: Carga de transporte
Descripción limpia: carga de transporte
Medio de pago: desconocido
Recurrente: no
INFO:     127.0.0.1:59756 - "POST /predict/category HTTP/1.1" 200 OK
INFO:     127.0.0.1:59757 - "POST /predict/category HTTP/1.1" 200 OK
Descripción original: Compra en comercio de alimentos
Descripción limpia: compra en comercio de alimentos
Medio de pago: desconocido
Recurrente: no
Descripción original: Artículos escolares
Descripción limpia: articulos escolares
Medio de pago: desconocido
Recurrente: no
INFO:     127.0.0.1:59756 - "POST /predict/category HTTP/1.1" 200 OK
INFO:     127.0.0.1:59757 - "POST /predict/category HTTP/1.1" 200 OK
Descripción original: Carga de transporte
Descripción limpia: carga de transporte
Medio de pago: desconocido
Recurrente: no
Descripción original: Remedios
Descripción limpia: remedios
Medio de pago: desconocido
Recurrente: no
INFO:     127.0.0.1:59756 - "POST /predict/category HTTP/1.1" 200 OK
INFO:     127.0.0.1:59757 - "POST /predict/category HTTP/1.1" 200 OK
Descripción original: Compra en comercio de alimentos
Descripción limpia: compra en comercio de alimentos
Medio de pago: desconocido
Recurrente: no
Descripción original: Café con amigos
Descripción limpia: cafe con amigos
Medio de pago: desconocido
Recurrente: no
INFO:     127.0.0.1:59757 - "POST /predict/category HTTP/1.1" 200 OK
INFO:     127.0.0.1:59756 - "POST /predict/category HTTP/1.1" 200 OK
Descripción original: Remedios
Descripción limpia: remedios
Medio de pago: desconocido
Recurrente: no
Descripción original: Articulos para el hogar
Descripción limpia: articulos para el hogar
Medio de pago: desconocido
Recurrente: no
Descripción original: Inscripción a curso
Descripción limpia: inscripcion a curso
Medio de pago: desconocido
Recurrente: no
Descripción original: Articulos para el hogar
Descripción limpia: articulos para el hogar
Medio de pago: desconocido
Recurrente: no
Descripción original: Curso virtual
Descripción limpia: curso virtual
Medio de pago: desconocido
Recurrente: no
INFO:     127.0.0.1:59757 - "POST /predict/category HTTP/1.1" 200 OK
Descripción original: Compra de libros
Descripción limpia: compra de libros
Medio de pago: desconocido
Recurrente: no
Descripción original: Compra de libros
Descripción limpia: compra de libros
Medio de pago: desconocido
Recurrente: no
Descripción original: Curso virtual
Descripción limpia: curso virtual
Medio de pago: desconocido
Recurrente: no
INFO:     127.0.0.1:59756 - "POST /predict/category HTTP/1.1" 200 OK
Descripción original: Café con amigos
Descripción limpia: cafe con amigos
Medio de pago: desconocido
Recurrente: no
Descripción original: Pago de electricidad
Descripción limpia: pago de electricidad
Medio de pago: desconocido
Recurrente: no
INFO:     127.0.0.1:59757 - "POST /predict/category HTTP/1.1" 200 OK
INFO:     127.0.0.1:59756 - "POST /predict/category HTTP/1.1" 200 OK
Descripción original: Inscripción a curso
Descripción limpia: inscripcion a curso
Medio de pago: desconocido
Recurrente: no
Descripción original: Inscripcion a curso
Descripción limpia: inscripcion a curso
Medio de pago: desconocido
Recurrente: no
INFO:     127.0.0.1:59757 - "POST /predict/category HTTP/1.1" 200 OK
INFO:     127.0.0.1:59756 - "POST /predict/category HTTP/1.1" 200 OK
Descripción original: Salida al bar
Descripción limpia: salida al bar
Medio de pago: desconocido
Recurrente: no
Descripción original: Pago de electricidad
Descripción limpia: pago de electricidad
Medio de pago: desconocido
Recurrente: no
INFO:     127.0.0.1:59757 - "POST /predict/category HTTP/1.1" 200 OK
INFO:     127.0.0.1:59756 - "POST /predict/category HTTP/1.1" 200 OK
Descripción original: Compra por internet
Descripción limpia: compra por internet
Medio de pago: desconocido
Recurrente: no
Descripción original: Inscripcion a curso
Descripción limpia: inscripcion a curso
Medio de pago: desconocido
Recurrente: no
INFO:     127.0.0.1:59756 - "POST /predict/category HTTP/1.1" 200 OK
INFO:     127.0.0.1:59757 - "POST /predict/category HTTP/1.1" 200 OK
Descripción original: Salida al bar
Descripción limpia: salida al bar
Medio de pago: desconocido
Recurrente: no
Descripción original: Estacionamiento
Descripción limpia: estacionamiento
Medio de pago: desconocido
Recurrente: no
INFO:     127.0.0.1:59756 - "POST /predict/category HTTP/1.1" 200 OK
INFO:     127.0.0.1:59757 - "POST /predict/category HTTP/1.1" 200 OK
Descripción original: Compra por internet
Descripción limpia: compra por internet
Medio de pago: desconocido
Recurrente: no
Descripción original: Viaje por aplicacion
Descripción limpia: viaje por aplicacion
Medio de pago: desconocido
Recurrente: no
INFO:     127.0.0.1:59756 - "POST /predict/category HTTP/1.1" 200 OK
INFO:     127.0.0.1:59757 - "POST /predict/category HTTP/1.1" 200 OK
Descripción original: Factura de gas
Descripción limpia: factura de gas
Medio de pago: desconocido
Recurrente: no
Descripción original: Estacionamiento
Descripción limpia: estacionamiento
Medio de pago: desconocido
Recurrente: no
INFO:     127.0.0.1:59757 - "POST /predict/category HTTP/1.1" 200 OK
INFO:     127.0.0.1:59756 - "POST /predict/category HTTP/1.1" 200 OK
Descripción original: Pasaje de tren
Descripción limpia: pasaje de tren
Medio de pago: desconocido
Recurrente: no
Descripción original: Viaje por aplicacion
Descripción limpia: viaje por aplicacion
Medio de pago: desconocido
Recurrente: no
INFO:     127.0.0.1:59756 - "POST /predict/category HTTP/1.1" 200 OK
INFO:     127.0.0.1:59757 - "POST /predict/category HTTP/1.1" 200 OK
Descripción original: Aporte solidario
Descripción limpia: aporte solidario
Medio de pago: desconocido
Recurrente: no
Descripción original: Factura de gas
Descripción limpia: factura de gas
Medio de pago: desconocido
Recurrente: no
INFO:     127.0.0.1:59756 - "POST /predict/category HTTP/1.1" 200 OK
INFO:     127.0.0.1:59757 - "POST /predict/category HTTP/1.1" 200 OK
Descripción original: Consulta médica
Descripción limpia: consulta medica
Medio de pago: desconocido
Recurrente: no
Descripción original: Pasaje de tren
Descripción limpia: pasaje de tren
Medio de pago: desconocido
Recurrente: no
INFO:     127.0.0.1:59756 - "POST /predict/category HTTP/1.1" 200 OK
INFO:     127.0.0.1:59757 - "POST /predict/category HTTP/1.1" 200 OK
Descripción original: Aporte solidario
Descripción limpia: aporte solidario
Medio de pago: desconocido
Recurrente: no
Descripción original: Compra de videojuego
Descripción limpia: compra de videojuego
Medio de pago: desconocido
Recurrente: no
INFO:     127.0.0.1:59757 - "POST /predict/category HTTP/1.1" 200 OK
INFO:     127.0.0.1:59756 - "POST /predict/category HTTP/1.1" 200 OK
Descripción original: Arreglo del hogar
Descripción limpia: arreglo del hogar
Medio de pago: desconocido
Recurrente: no
Descripción original: Consulta médica
Descripción limpia: consulta medica
Medio de pago: desconocido
Recurrente: no
INFO:     127.0.0.1:59757 - "POST /predict/category HTTP/1.1" 200 OK
INFO:     127.0.0.1:59756 - "POST /predict/category HTTP/1.1" 200 OK
Descripción original: Compra de videojuego
Descripción limpia: compra de videojuego
Medio de pago: desconocido
Recurrente: no
Descripción original: Carniceria
Descripción limpia: carniceria
Medio de pago: desconocido
Recurrente: no
INFO:     127.0.0.1:59756 - "POST /predict/category HTTP/1.1" 200 OK
INFO:     127.0.0.1:59757 - "POST /predict/category HTTP/1.1" 200 OK
Descripción original: Cafecito
Descripción limpia: cafecito
Medio de pago: desconocido
Recurrente: no
Descripción original: Arreglo del hogar
Descripción limpia: arreglo del hogar
Medio de pago: desconocido
Recurrente: no
INFO:     127.0.0.1:59756 - "POST /predict/category HTTP/1.1" 200 OK
INFO:     127.0.0.1:59757 - "POST /predict/category HTTP/1.1" 200 OK
Descripción original: Carniceria
Descripción limpia: carniceria
Medio de pago: desconocido
Recurrente: no
Descripción original: Cafe
Descripción limpia: cafe
Medio de pago: desconocido
Recurrente: no
INFO:     127.0.0.1:59757 - "POST /predict/category HTTP/1.1" 200 OK
INFO:     127.0.0.1:59756 - "POST /predict/category HTTP/1.1" 200 OK
Descripción original: Cafecito
Descripción limpia: cafecito
Medio de pago: desconocido
Recurrente: no
Descripción original: Compra de medicamentos
Descripción limpia: compra de medicamentos
Medio de pago: desconocido
Recurrente: no
INFO:     127.0.0.1:59756 - "POST /predict/category HTTP/1.1" 200 OK
INFO:     127.0.0.1:59757 - "POST /predict/category HTTP/1.1" 200 OK
Descripción original: Obligación financiera
Descripción limpia: obligacion financiera
Medio de pago: desconocido
Recurrente: no
Descripción original: Cafe
Descripción limpia: cafe
Medio de pago: desconocido
Recurrente: no
INFO:     127.0.0.1:59756 - "POST /predict/category HTTP/1.1" 200 OK
INFO:     127.0.0.1:59757 - "POST /predict/category HTTP/1.1" 200 OK
Descripción original: Gastos comunes
Descripción limpia: gastos comunes
Medio de pago: desconocido
Recurrente: no
Descripción original: Compra de medicamentos
Descripción limpia: compra de medicamentos
Medio de pago: desconocido
Recurrente: no
INFO:     127.0.0.1:59757 - "POST /predict/category HTTP/1.1" 200 OK
INFO:     127.0.0.1:59756 - "POST /predict/category HTTP/1.1" 200 OK
Descripción original: Obligación financiera
Descripción limpia: obligacion financiera
Medio de pago: desconocido
Recurrente: no
Descripción original: Entretenimiento
Descripción limpia: entretenimiento
Medio de pago: desconocido
Recurrente: no
INFO:     127.0.0.1:59757 - "POST /predict/category HTTP/1.1" 200 OK
INFO:     127.0.0.1:59756 - "POST /predict/category HTTP/1.1" 200 OK
Descripción original: Gastos comunes
Descripción limpia: gastos comunes
Medio de pago: desconocido
Recurrente: no
Descripción original: Consulta medica
Descripción limpia: consulta medica
Medio de pago: desconocido
Recurrente: no
INFO:     127.0.0.1:59757 - "POST /predict/category HTTP/1.1" 200 OK
INFO:     127.0.0.1:59756 - "POST /predict/category HTTP/1.1" 200 OK
Descripción original: Entretenimiento
Descripción limpia: entretenimiento
Medio de pago: desconocido
Recurrente: no
Descripción original: Combustible
Descripción limpia: combustible
Medio de pago: desconocido
Recurrente: no
INFO:     127.0.0.1:59757 - "POST /predict/category HTTP/1.1" 200 OK
INFO:     127.0.0.1:59756 - "POST /predict/category HTTP/1.1" 200 OK
Descripción original: Financiación
Descripción limpia: financiacion
Medio de pago: desconocido
Recurrente: no
Descripción original: Consulta medica
Descripción limpia: consulta medica
Medio de pago: desconocido
Recurrente: no
INFO:     127.0.0.1:59757 - "POST /predict/category HTTP/1.1" 200 OK
INFO:     127.0.0.1:59756 - "POST /predict/category HTTP/1.1" 200 OK
Descripción original: Pasaje de transporte
Descripción limpia: pasaje de transporte
Medio de pago: desconocido
Recurrente: no
Descripción original: Combustible
Descripción limpia: combustible
Medio de pago: desconocido
Recurrente: no
INFO:     127.0.0.1:59757 - "POST /predict/category HTTP/1.1" 200 OK
INFO:     127.0.0.1:59756 - "POST /predict/category HTTP/1.1" 200 OK
Descripción original: Financiación
Descripción limpia: financiacion
Medio de pago: desconocido
Recurrente: no
Descripción original: Resumen de credito
Descripción limpia: resumen de credito
Medio de pago: desconocido
Recurrente: no
INFO:     127.0.0.1:59757 - "POST /predict/category HTTP/1.1" 200 OK
INFO:     127.0.0.1:59756 - "POST /predict/category HTTP/1.1" 200 OK
Descripción original: Curso online
Descripción limpia: curso online
Medio de pago: desconocido
Recurrente: no
Descripción original: Pasaje de transporte
Descripción limpia: pasaje de transporte
Medio de pago: desconocido
Recurrente: no
INFO:     127.0.0.1:59757 - "POST /predict/category HTTP/1.1" 200 OK
INFO:     127.0.0.1:59756 - "POST /predict/category HTTP/1.1" 200 OK
Descripción original: Resumen de credito
Descripción limpia: resumen de credito
Medio de pago: desconocido
Recurrente: no
Descripción original: Tomar cafe
Descripción limpia: tomar cafe
Medio de pago: desconocido
Recurrente: no
INFO:     127.0.0.1:59756 - "POST /predict/category HTTP/1.1" 200 OK
INFO:     127.0.0.1:59757 - "POST /predict/category HTTP/1.1" 200 OK
Descripción original: Curso online
Descripción limpia: curso online
Medio de pago: desconocido
Recurrente: no
Descripción original: Artículos para el hogar
Descripción limpia: articulos para el hogar
Medio de pago: desconocido
Recurrente: no
INFO:     127.0.0.1:59756 - "POST /predict/category HTTP/1.1" 200 OK
INFO:     127.0.0.1:59757 - "POST /predict/category HTTP/1.1" 200 OK
Descripción original: Tomar cafe
Descripción limpia: tomar cafe
Medio de pago: desconocido
Recurrente: no
Descripción original: Intereses de deuda
Descripción limpia: intereses de deuda
Medio de pago: desconocido
Recurrente: no
INFO:     127.0.0.1:59757 - "POST /predict/category HTTP/1.1" 200 OK
INFO:     127.0.0.1:59756 - "POST /predict/category HTTP/1.1" 200 OK
Descripción original: Pago de agua
Descripción limpia: pago de agua
Medio de pago: desconocido
Recurrente: no
Descripción original: Artículos para el hogar
Descripción limpia: articulos para el hogar
Medio de pago: desconocido
Recurrente: no
INFO:     127.0.0.1:59756 - "POST /predict/category HTTP/1.1" 200 OK
INFO:     127.0.0.1:59757 - "POST /predict/category HTTP/1.1" 200 OK
Descripción original: Intereses de deuda
Descripción limpia: intereses de deuda
Medio de pago: desconocido
Recurrente: no
Descripción original: Viaje por aplicación
Descripción limpia: viaje por aplicacion
Medio de pago: desconocido
Recurrente: no
INFO:     127.0.0.1:59757 - "POST /predict/category HTTP/1.1" 200 OK
INFO:     127.0.0.1:59756 - "POST /predict/category HTTP/1.1" 200 OK
Descripción original: Cuota escolar
Descripción limpia: cuota escolar
Medio de pago: desconocido
Recurrente: no
Descripción original: Pago de agua
Descripción limpia: pago de agua
Medio de pago: desconocido
Recurrente: no
INFO:     127.0.0.1:59756 - "POST /predict/category HTTP/1.1" 200 OK
INFO:     127.0.0.1:59757 - "POST /predict/category HTTP/1.1" 200 OK
Descripción original: Compra en supermercado
Descripción limpia: compra en supermercado
Medio de pago: desconocido
Recurrente: no
Descripción original: Viaje por aplicación
Descripción limpia: viaje por aplicacion
Medio de pago: desconocido
Recurrente: no
INFO:     127.0.0.1:59756 - "POST /predict/category HTTP/1.1" 200 OK
INFO:     127.0.0.1:59757 - "POST /predict/category HTTP/1.1" 200 OK
Descripción original: Cuota escolar
Descripción limpia: cuota escolar
Medio de pago: desconocido
Recurrente: no
Descripción original: Verduleria
Descripción limpia: verduleria
Medio de pago: desconocido
Recurrente: no
INFO:     127.0.0.1:59757 - "POST /predict/category HTTP/1.1" 200 OK
INFO:     127.0.0.1:59756 - "POST /predict/category HTTP/1.1" 200 OK
Descripción original: Tomar café
Descripción limpia: tomar cafe
Medio de pago: desconocido
Recurrente: no
Descripción original: Compra en supermercado
Descripción limpia: compra en supermercado
Medio de pago: desconocido
Recurrente: no
INFO:     127.0.0.1:59757 - "POST /predict/category HTTP/1.1" 200 OK
INFO:     127.0.0.1:59756 - "POST /predict/category HTTP/1.1" 200 OK
Descripción original: Pago de tarjeta de credito
Descripción limpia: pago de tarjeta de credito
Medio de pago: desconocido
Recurrente: no
Descripción original: Verduleria
Descripción limpia: verduleria
Medio de pago: desconocido
Recurrente: no
INFO:     127.0.0.1:59756 - "POST /predict/category HTTP/1.1" 200 OK
INFO:     127.0.0.1:59757 - "POST /predict/category HTTP/1.1" 200 OK
Descripción original: Bar
Descripción limpia: bar
Medio de pago: desconocido
Recurrente: no
Descripción original: Tomar café
Descripción limpia: tomar cafe
Medio de pago: desconocido
Recurrente: no
INFO:     127.0.0.1:59756 - "POST /predict/category HTTP/1.1" 200 OK
INFO:     127.0.0.1:59757 - "POST /predict/category HTTP/1.1" 200 OK
Descripción original: Pago de tarjeta de credito
Descripción limpia: pago de tarjeta de credito
Medio de pago: desconocido
Recurrente: no
Descripción original: Material de estudio
Descripción limpia: material de estudio
Medio de pago: desconocido
Recurrente: no
INFO:     127.0.0.1:59756 - "POST /predict/category HTTP/1.1" 200 OK
INFO:     127.0.0.1:59757 - "POST /predict/category HTTP/1.1" 200 OK
Descripción original: Bar
Descripción limpia: bar
Medio de pago: desconocido
Recurrente: no
Descripción original: Carnicería
Descripción limpia: carniceria
Medio de pago: desconocido
Recurrente: no
INFO:     127.0.0.1:59757 - "POST /predict/category HTTP/1.1" 200 OK
INFO:     127.0.0.1:59756 - "POST /predict/category HTTP/1.1" 200 OK
Descripción original: Retencion impositiva
Descripción limpia: retencion impositiva
Medio de pago: desconocido
Recurrente: no
Descripción original: Material de estudio
Descripción limpia: material de estudio
Medio de pago: desconocido
Recurrente: no
INFO:     127.0.0.1:59756 - "POST /predict/category HTTP/1.1" 200 OK
INFO:     127.0.0.1:59757 - "POST /predict/category HTTP/1.1" 200 OK
Descripción original: Servicio de streaming
Descripción limpia: servicio de streaming
Medio de pago: desconocido
Recurrente: no
Descripción original: Carnicería
Descripción limpia: carniceria
Medio de pago: desconocido
Recurrente: no
INFO:     127.0.0.1:59757 - "POST /predict/category HTTP/1.1" 200 OK
INFO:     127.0.0.1:59756 - "POST /predict/category HTTP/1.1" 200 OK
Descripción original: Retencion impositiva
Descripción limpia: retencion impositiva
Medio de pago: desconocido
Recurrente: no
Descripción original: Café
Descripción limpia: cafe
Medio de pago: desconocido
Recurrente: no
INFO:     127.0.0.1:59756 - "POST /predict/category HTTP/1.1" 200 OK
INFO:     127.0.0.1:59757 - "POST /predict/category HTTP/1.1" 200 OK
Descripción original: Servicio de limpieza
Descripción limpia: servicio de limpieza
Medio de pago: desconocido
Recurrente: no
Descripción original: Servicio de streaming
Descripción limpia: servicio de streaming
Medio de pago: desconocido
Recurrente: no
INFO:     127.0.0.1:59756 - "POST /predict/category HTTP/1.1" 200 OK
INFO:     127.0.0.1:59757 - "POST /predict/category HTTP/1.1" 200 OK
Descripción original: Pago de alquiler
Descripción limpia: pago de alquiler
Medio de pago: desconocido
Recurrente: no
Descripción original: Café
Descripción limpia: cafe
Medio de pago: desconocido
Recurrente: no
INFO:     127.0.0.1:59756 - "POST /predict/category HTTP/1.1" 200 OK
INFO:     127.0.0.1:59757 - "POST /predict/category HTTP/1.1" 200 OK
Descripción original: Articulos escolares
Descripción limpia: articulos escolares
Medio de pago: desconocido
Recurrente: no
Descripción original: Servicio de limpieza
Descripción limpia: servicio de limpieza
Medio de pago: desconocido
Recurrente: no
INFO:     127.0.0.1:59756 - "POST /predict/category HTTP/1.1" 200 OK
INFO:     127.0.0.1:59757 - "POST /predict/category HTTP/1.1" 200 OK
Descripción original: Renta mensual
Descripción limpia: renta mensual
Medio de pago: desconocido
Recurrente: no
Descripción original: Pago de alquiler
Descripción limpia: pago de alquiler
Medio de pago: desconocido
Recurrente: no
INFO:     127.0.0.1:59757 - "POST /predict/category HTTP/1.1" 200 OK
INFO:     127.0.0.1:59756 - "POST /predict/category HTTP/1.1" 200 OK
Descripción original: Articulos escolares
Descripción limpia: articulos escolares
Medio de pago: desconocido
Recurrente: no
Descripción original: Carga de combustible
Descripción limpia: carga de combustible
Medio de pago: desconocido
Recurrente: no
INFO:     127.0.0.1:59757 - "POST /predict/category HTTP/1.1" 200 OK
INFO:     127.0.0.1:59756 - "POST /predict/category HTTP/1.1" 200 OK
Descripción original: Renta mensual
Descripción limpia: renta mensual
Medio de pago: desconocido
Recurrente: no
Descripción original: Odontólogo
Descripción limpia: odontologo
Medio de pago: desconocido
Recurrente: no
INFO:     127.0.0.1:59756 - "POST /predict/category HTTP/1.1" 200 OK
INFO:     127.0.0.1:59757 - "POST /predict/category HTTP/1.1" 200 OK
Descripción original: Curso de idiomas
Descripción limpia: curso de idiomas
Medio de pago: desconocido
Recurrente: no
Descripción original: Carga de combustible
Descripción limpia: carga de combustible
Medio de pago: desconocido
Recurrente: no
INFO:     127.0.0.1:59757 - "POST /predict/category HTTP/1.1" 200 OK
INFO:     127.0.0.1:59756 - "POST /predict/category HTTP/1.1" 200 OK
Descripción original: Verdulería
Descripción limpia: verduleria
Medio de pago: desconocido
Recurrente: no
Descripción original: Odontólogo
Descripción limpia: odontologo
Medio de pago: desconocido
Recurrente: no
INFO:     127.0.0.1:59756 - "POST /predict/category HTTP/1.1" 200 OK
INFO:     127.0.0.1:59757 - "POST /predict/category HTTP/1.1" 200 OK
Descripción original: Compra de remedios
Descripción limpia: compra de remedios
Medio de pago: desconocido
Recurrente: no
Descripción original: Curso de idiomas
Descripción limpia: curso de idiomas
Medio de pago: desconocido
Recurrente: no
INFO:     127.0.0.1:59757 - "POST /predict/category HTTP/1.1" 200 OK
INFO:     127.0.0.1:59756 - "POST /predict/category HTTP/1.1" 200 OK
Descripción original: Verdulería
Descripción limpia: verduleria
Medio de pago: desconocido
Recurrente: no
INFO:     127.0.0.1:59756 - "POST /predict/category HTTP/1.1" 200 OK
Descripción original: Compra de remedios
Descripción limpia: compra de remedios
Medio de pago: desconocido
Recurrente: no
INFO:     127.0.0.1:59756 - "POST /predict/category HTTP/1.1" 200 OK
INFO:     127.0.0.1:59756 - "POST /analysis HTTP/1.1" 200 OK
INFO:     127.0.0.1:59757 - "POST /analysis HTTP/1.1" 200 OK
